Log file created at: 2016/07/29 19:00:05
Running on machine: MBP-Artem
Log line format: [IWEF]mmdd hh:mm:ss.uuuuuu threadid file:line] msg
I0729 19:00:05.170770 1960222720 c_interface.cc:74] Logging enabled to .
I0729 19:00:05.172418 1960222720 c_interface.cc:221] Creating MasterModel (id=1)...
I0729 19:00:07.112061 1960222720 c_interface.cc:318] Pass 4b40bde7-12eb-41e0-8085-b358a0ddf1e9 to MN4artm4core15MasterComponentEFvRKNSt3__112basic_stringIcNS2_11char_traitsIcEENS2_9allocatorIcEEEEE
I0729 19:00:07.112977 1960222720 c_interface.cc:332] Pass GatherDictionaryArgs: dictionary_target_name=4b40bde7-12eb-41e0-8085-b358a0ddf1e9, data_path=lectures_batches, symmetric_cooc_values=0 to MN4artm4core15MasterComponentEFvRKNS_20GatherDictionaryArgsEE
I0729 19:00:07.113843 1960222720 dictionary.cc:185] Found 18 batches in 'lectures_batches' folder
I0729 19:00:07.231174 1960222720 dictionary.cc:241] Find 26866 unique tokens in 1728 items
I0729 19:02:00.048910 1960222720 instance.cc:358] MasterModelConfig.processors_count is automatically set to 8
I0729 19:02:00.049001 23793664 processor.cc:646] Processor thread started
I0729 19:02:00.049020 24408064 processor.cc:646] Processor thread started
I0729 19:02:00.049046 24944640 processor.cc:646] Processor thread started
I0729 19:02:00.049048 25481216 processor.cc:646] Processor thread started
I0729 19:02:00.049073 26554368 processor.cc:646] Processor thread started
I0729 19:02:00.049075 26017792 processor.cc:646] Processor thread started
I0729 19:02:00.049101 1960222720 c_interface.cc:221] Creating MasterModel (id=2)...
I0729 19:02:00.049103 27090944 processor.cc:646] Processor thread started
I0729 19:02:00.049110 27627520 processor.cc:646] Processor thread started
I0729 19:02:00.072983 26554368 processor.cc:662] No data in processing queue, waiting...
I0729 19:02:00.072979 27090944 processor.cc:662] No data in processing queue, waiting...
I0729 19:02:00.072986 24408064 processor.cc:662] No data in processing queue, waiting...
I0729 19:02:00.072986 25481216 processor.cc:662] No data in processing queue, waiting...
I0729 19:02:00.072986 24944640 processor.cc:662] No data in processing queue, waiting...
I0729 19:02:00.072994 26017792 processor.cc:662] No data in processing queue, waiting...
I0729 19:02:00.072994 23793664 processor.cc:662] No data in processing queue, waiting...
I0729 19:02:00.072998 27627520 processor.cc:662] No data in processing queue, waiting...
I0729 19:05:21.096447 1960222720 c_interface.cc:221] Creating MasterModel (id=3)...
I0729 19:05:58.791795 1960222720 c_interface.cc:221] Creating MasterModel (id=4)...
I0729 19:05:58.791975 1960222720 c_interface.cc:318] Pass dictionary to MN4artm4core15MasterComponentEFvRKNSt3__112basic_stringIcNS2_11char_traitsIcEENS2_9allocatorIcEEEEE
I0729 19:05:58.792027 1960222720 c_interface.cc:283] Disposing MasterComponent (id=3)...
I0729 19:05:58.792227 1960222720 c_interface.cc:318] Pass dictionary to MN4artm4core15MasterComponentEFvRKNSt3__112basic_stringIcNS2_11char_traitsIcEENS2_9allocatorIcEEEEE
I0729 19:05:58.792479 1960222720 c_interface.cc:332] Pass GatherDictionaryArgs: dictionary_target_name=dictionary, data_path=lectures_batches, symmetric_cooc_values=0 to MN4artm4core15MasterComponentEFvRKNS_20GatherDictionaryArgsEE
I0729 19:05:58.792649 1960222720 dictionary.cc:185] Found 18 batches in 'lectures_batches' folder
I0729 19:05:58.917557 1960222720 dictionary.cc:241] Find 26866 unique tokens in 1728 items
I0729 19:06:29.215211 1960222720 c_interface.cc:221] Creating MasterModel (id=5)...
I0729 19:06:29.215337 1960222720 c_interface.cc:318] Pass dictionary to MN4artm4core15MasterComponentEFvRKNSt3__112basic_stringIcNS2_11char_traitsIcEENS2_9allocatorIcEEEEE
I0729 19:06:29.220337 1960222720 c_interface.cc:283] Disposing MasterComponent (id=4)...
I0729 19:06:29.220481 1960222720 c_interface.cc:318] Pass dictionary to MN4artm4core15MasterComponentEFvRKNSt3__112basic_stringIcNS2_11char_traitsIcEENS2_9allocatorIcEEEEE
I0729 19:06:29.220623 1960222720 c_interface.cc:332] Pass GatherDictionaryArgs: dictionary_target_name=dictionary, data_path=lectures_batches, symmetric_cooc_values=0 to MN4artm4core15MasterComponentEFvRKNS_20GatherDictionaryArgsEE
I0729 19:06:29.220757 1960222720 dictionary.cc:185] Found 18 batches in 'lectures_batches' folder
I0729 19:06:29.346294 1960222720 dictionary.cc:241] Find 26866 unique tokens in 1728 items
I0729 19:07:09.005686 1960222720 c_interface.cc:221] Creating MasterModel (id=6)...
I0729 19:07:09.005803 1960222720 c_interface.cc:318] Pass dictionary to MN4artm4core15MasterComponentEFvRKNSt3__112basic_stringIcNS2_11char_traitsIcEENS2_9allocatorIcEEEEE
I0729 19:07:09.012334 1960222720 c_interface.cc:283] Disposing MasterComponent (id=5)...
I0729 19:07:09.012478 1960222720 c_interface.cc:318] Pass dictionary to MN4artm4core15MasterComponentEFvRKNSt3__112basic_stringIcNS2_11char_traitsIcEENS2_9allocatorIcEEEEE
I0729 19:07:09.012584 1960222720 c_interface.cc:332] Pass GatherDictionaryArgs: dictionary_target_name=dictionary, data_path=lectures_batches, symmetric_cooc_values=0 to MN4artm4core15MasterComponentEFvRKNS_20GatherDictionaryArgsEE
I0729 19:07:09.012723 1960222720 dictionary.cc:185] Found 18 batches in 'lectures_batches' folder
I0729 19:07:09.137771 1960222720 dictionary.cc:241] Find 26866 unique tokens in 1728 items
I0729 19:07:49.724481 1960222720 c_interface.cc:221] Creating MasterModel (id=7)...
I0729 19:07:49.724570 1960222720 c_interface.cc:318] Pass dictionary to MN4artm4core15MasterComponentEFvRKNSt3__112basic_stringIcNS2_11char_traitsIcEENS2_9allocatorIcEEEEE
I0729 19:07:49.729893 1960222720 c_interface.cc:283] Disposing MasterComponent (id=6)...
I0729 19:07:49.730041 1960222720 c_interface.cc:318] Pass dictionary to MN4artm4core15MasterComponentEFvRKNSt3__112basic_stringIcNS2_11char_traitsIcEENS2_9allocatorIcEEEEE
I0729 19:07:49.730183 1960222720 c_interface.cc:332] Pass GatherDictionaryArgs: dictionary_target_name=dictionary, data_path=lectures_batches, symmetric_cooc_values=0 to MN4artm4core15MasterComponentEFvRKNS_20GatherDictionaryArgsEE
I0729 19:07:49.730322 1960222720 dictionary.cc:185] Found 18 batches in 'lectures_batches' folder
I0729 19:07:49.853315 1960222720 dictionary.cc:241] Find 26866 unique tokens in 1728 items
I0729 19:07:49.891949 1960222720 c_interface.cc:318] Pass pwt to MN4artm4core15MasterComponentEFvRKNSt3__112basic_stringIcNS2_11char_traitsIcEENS2_9allocatorIcEEEEE
I0729 19:07:49.891995 1960222720 c_interface.cc:318] Pass nwt to MN4artm4core15MasterComponentEFvRKNSt3__112basic_stringIcNS2_11char_traitsIcEENS2_9allocatorIcEEEEE
I0729 19:07:49.892366 1960222720 c_interface.cc:332] Pass InitializeModelArgs: model_name=pwt, dictionary_name=dictionary, topic_name_size=30 to MN4artm4core15MasterComponentEFvRKNS_19InitializeModelArgsEE
I0729 19:07:49.892377 1960222720 master_component.cc:338] InitializeModel() with 30 topics and 26866 tokens
I0729 19:07:50.033434 1960222720 c_interface.cc:332] Pass InitializeModelArgs: model_name=nwt, dictionary_name=dictionary, topic_name_size=30 to MN4artm4core15MasterComponentEFvRKNS_19InitializeModelArgsEE
I0729 19:07:50.033448 1960222720 master_component.cc:338] InitializeModel() with 30 topics and 26866 tokens
I0729 19:07:50.164928 1960222720 phi_matrix_operations.cc:82] RetrieveExternalTopicModel() with 30 topics, 26866 tokens
I0729 19:07:50.189577 1960222720 c_interface.cc:180] ArtmCopyRequestedMessage is copying 825334 bytes...
I0729 19:08:00.379922 1960222720 c_interface.cc:221] Creating MasterModel (id=8)...
I0729 19:08:00.380194 1960222720 c_interface.cc:318] Pass dictionary to MN4artm4core15MasterComponentEFvRKNSt3__112basic_stringIcNS2_11char_traitsIcEENS2_9allocatorIcEEEEE
I0729 19:08:00.386236 1960222720 c_interface.cc:283] Disposing MasterComponent (id=7)...
I0729 19:08:00.386381 1960222720 c_interface.cc:318] Pass dictionary to MN4artm4core15MasterComponentEFvRKNSt3__112basic_stringIcNS2_11char_traitsIcEENS2_9allocatorIcEEEEE
I0729 19:08:00.386523 1960222720 c_interface.cc:332] Pass GatherDictionaryArgs: dictionary_target_name=dictionary, data_path=lectures_batches, symmetric_cooc_values=0 to MN4artm4core15MasterComponentEFvRKNS_20GatherDictionaryArgsEE
I0729 19:08:00.386659 1960222720 dictionary.cc:185] Found 18 batches in 'lectures_batches' folder
I0729 19:08:00.510222 1960222720 dictionary.cc:241] Find 26866 unique tokens in 1728 items
I0729 19:08:03.012008 1960222720 c_interface.cc:221] Creating MasterModel (id=9)...
I0729 19:08:03.012084 1960222720 c_interface.cc:318] Pass dictionary to MN4artm4core15MasterComponentEFvRKNSt3__112basic_stringIcNS2_11char_traitsIcEENS2_9allocatorIcEEEEE
I0729 19:08:03.016958 1960222720 c_interface.cc:283] Disposing MasterComponent (id=8)...
I0729 19:08:03.017119 1960222720 c_interface.cc:318] Pass dictionary to MN4artm4core15MasterComponentEFvRKNSt3__112basic_stringIcNS2_11char_traitsIcEENS2_9allocatorIcEEEEE
I0729 19:08:03.017261 1960222720 c_interface.cc:332] Pass GatherDictionaryArgs: dictionary_target_name=dictionary, data_path=lectures_batches, symmetric_cooc_values=0 to MN4artm4core15MasterComponentEFvRKNS_20GatherDictionaryArgsEE
I0729 19:08:03.017397 1960222720 dictionary.cc:185] Found 18 batches in 'lectures_batches' folder
I0729 19:08:03.136931 1960222720 dictionary.cc:241] Find 26866 unique tokens in 1728 items
I0729 19:08:03.171609 1960222720 c_interface.cc:318] Pass pwt to MN4artm4core15MasterComponentEFvRKNSt3__112basic_stringIcNS2_11char_traitsIcEENS2_9allocatorIcEEEEE
I0729 19:08:03.185847 1960222720 c_interface.cc:318] Pass nwt to MN4artm4core15MasterComponentEFvRKNSt3__112basic_stringIcNS2_11char_traitsIcEENS2_9allocatorIcEEEEE
I0729 19:08:03.201061 1960222720 c_interface.cc:332] Pass InitializeModelArgs: model_name=pwt, dictionary_name=dictionary, topic_name_size=30 to MN4artm4core15MasterComponentEFvRKNS_19InitializeModelArgsEE
I0729 19:08:03.201072 1960222720 master_component.cc:338] InitializeModel() with 30 topics and 26866 tokens
I0729 19:08:03.318954 1960222720 c_interface.cc:332] Pass InitializeModelArgs: model_name=nwt, dictionary_name=dictionary, topic_name_size=30 to MN4artm4core15MasterComponentEFvRKNS_19InitializeModelArgsEE
I0729 19:08:03.318967 1960222720 master_component.cc:338] InitializeModel() with 30 topics and 26866 tokens
I0729 19:08:03.444954 1960222720 phi_matrix_operations.cc:82] RetrieveExternalTopicModel() with 30 topics, 26866 tokens
I0729 19:08:03.468819 1960222720 c_interface.cc:180] ArtmCopyRequestedMessage is copying 825334 bytes...
I0729 19:08:06.347216 1960222720 c_interface.cc:221] Creating MasterModel (id=10)...
I0729 19:08:06.347326 1960222720 c_interface.cc:318] Pass dictionary to MN4artm4core15MasterComponentEFvRKNSt3__112basic_stringIcNS2_11char_traitsIcEENS2_9allocatorIcEEEEE
I0729 19:08:06.352620 1960222720 c_interface.cc:283] Disposing MasterComponent (id=9)...
I0729 19:08:06.352764 1960222720 c_interface.cc:318] Pass dictionary to MN4artm4core15MasterComponentEFvRKNSt3__112basic_stringIcNS2_11char_traitsIcEENS2_9allocatorIcEEEEE
I0729 19:08:06.352962 1960222720 c_interface.cc:332] Pass GatherDictionaryArgs: dictionary_target_name=dictionary, data_path=lectures_batches, symmetric_cooc_values=0 to MN4artm4core15MasterComponentEFvRKNS_20GatherDictionaryArgsEE
I0729 19:08:06.353101 1960222720 dictionary.cc:185] Found 18 batches in 'lectures_batches' folder
I0729 19:08:06.473565 1960222720 dictionary.cc:241] Find 26866 unique tokens in 1728 items
I0729 19:08:06.512015 1960222720 c_interface.cc:318] Pass pwt to MN4artm4core15MasterComponentEFvRKNSt3__112basic_stringIcNS2_11char_traitsIcEENS2_9allocatorIcEEEEE
I0729 19:08:06.527444 1960222720 c_interface.cc:318] Pass nwt to MN4artm4core15MasterComponentEFvRKNSt3__112basic_stringIcNS2_11char_traitsIcEENS2_9allocatorIcEEEEE
I0729 19:08:06.543563 1960222720 c_interface.cc:332] Pass InitializeModelArgs: model_name=pwt, dictionary_name=dictionary, topic_name_size=30 to MN4artm4core15MasterComponentEFvRKNS_19InitializeModelArgsEE
I0729 19:08:06.543578 1960222720 master_component.cc:338] InitializeModel() with 30 topics and 26866 tokens
I0729 19:08:06.665108 1960222720 c_interface.cc:332] Pass InitializeModelArgs: model_name=nwt, dictionary_name=dictionary, topic_name_size=30 to MN4artm4core15MasterComponentEFvRKNS_19InitializeModelArgsEE
I0729 19:08:06.665122 1960222720 master_component.cc:338] InitializeModel() with 30 topics and 26866 tokens
I0729 19:08:06.787657 1960222720 phi_matrix_operations.cc:82] RetrieveExternalTopicModel() with 30 topics, 26866 tokens
I0729 19:08:06.811898 1960222720 c_interface.cc:180] ArtmCopyRequestedMessage is copying 825334 bytes...
I0729 19:08:19.074650 1960222720 instance.cc:358] MasterModelConfig.processors_count is automatically set to 8
I0729 19:08:19.074726 28164096 processor.cc:646] Processor thread started
I0729 19:08:19.074733 28700672 processor.cc:646] Processor thread started
I0729 19:08:19.074748 29237248 processor.cc:646] Processor thread started
I0729 19:08:19.074760 29773824 processor.cc:646] Processor thread started
I0729 19:08:19.074769 30310400 processor.cc:646] Processor thread started
I0729 19:08:19.074784 30846976 processor.cc:646] Processor thread started
I0729 19:08:19.074797 31383552 processor.cc:646] Processor thread started
I0729 19:08:19.074805 1960222720 c_interface.cc:221] Creating MasterModel (id=11)...
I0729 19:08:19.074812 31920128 processor.cc:646] Processor thread started
I0729 19:08:19.075866 27627520 processor.cc:654] Processor thread stopped
I0729 19:08:19.076068 27627520 processor.cc:655] Total number of processed batches: 0
I0729 19:08:19.078227 27090944 processor.cc:654] Processor thread stopped
I0729 19:08:19.078254 27090944 processor.cc:655] Total number of processed batches: 0
I0729 19:08:19.079488 26554368 processor.cc:654] Processor thread stopped
I0729 19:08:19.079496 26554368 processor.cc:655] Total number of processed batches: 0
I0729 19:08:19.080297 26017792 processor.cc:654] Processor thread stopped
I0729 19:08:19.080303 26017792 processor.cc:655] Total number of processed batches: 0
I0729 19:08:19.081569 25481216 processor.cc:654] Processor thread stopped
I0729 19:08:19.081575 25481216 processor.cc:655] Total number of processed batches: 0
I0729 19:08:19.082013 24944640 processor.cc:654] Processor thread stopped
I0729 19:08:19.082020 24944640 processor.cc:655] Total number of processed batches: 0
I0729 19:08:19.083276 24408064 processor.cc:654] Processor thread stopped
I0729 19:08:19.083323 24408064 processor.cc:655] Total number of processed batches: 0
I0729 19:08:19.084522 23793664 processor.cc:654] Processor thread stopped
I0729 19:08:19.084530 23793664 processor.cc:655] Total number of processed batches: 0
I0729 19:08:19.098379 28164096 processor.cc:662] No data in processing queue, waiting...
I0729 19:08:19.098381 28700672 processor.cc:662] No data in processing queue, waiting...
I0729 19:08:19.098390 29773824 processor.cc:662] No data in processing queue, waiting...
I0729 19:08:19.098392 29237248 processor.cc:662] No data in processing queue, waiting...
I0729 19:08:19.098381 30310400 processor.cc:662] No data in processing queue, waiting...
I0729 19:08:19.098402 31383552 processor.cc:662] No data in processing queue, waiting...
I0729 19:08:19.098415 31920128 processor.cc:662] No data in processing queue, waiting...
I0729 19:08:19.098415 30846976 processor.cc:662] No data in processing queue, waiting...
I0729 19:08:19.110191 1960222720 c_interface.cc:283] Disposing MasterComponent (id=2)...
I0729 19:08:19.986467 1960222720 c_interface.cc:221] Creating MasterModel (id=12)...
I0729 19:08:19.986558 1960222720 c_interface.cc:318] Pass dictionary to MN4artm4core15MasterComponentEFvRKNSt3__112basic_stringIcNS2_11char_traitsIcEENS2_9allocatorIcEEEEE
I0729 19:08:19.993255 1960222720 c_interface.cc:283] Disposing MasterComponent (id=10)...
I0729 19:08:19.993471 1960222720 c_interface.cc:318] Pass dictionary to MN4artm4core15MasterComponentEFvRKNSt3__112basic_stringIcNS2_11char_traitsIcEENS2_9allocatorIcEEEEE
I0729 19:08:19.993628 1960222720 c_interface.cc:332] Pass GatherDictionaryArgs: dictionary_target_name=dictionary, data_path=lectures_batches, symmetric_cooc_values=0 to MN4artm4core15MasterComponentEFvRKNS_20GatherDictionaryArgsEE
I0729 19:08:19.993785 1960222720 dictionary.cc:185] Found 18 batches in 'lectures_batches' folder
I0729 19:08:20.116240 1960222720 dictionary.cc:241] Find 26866 unique tokens in 1728 items
I0729 19:08:20.156226 1960222720 c_interface.cc:318] Pass pwt to MN4artm4core15MasterComponentEFvRKNSt3__112basic_stringIcNS2_11char_traitsIcEENS2_9allocatorIcEEEEE
I0729 19:08:20.156385 1960222720 c_interface.cc:318] Pass nwt to MN4artm4core15MasterComponentEFvRKNSt3__112basic_stringIcNS2_11char_traitsIcEENS2_9allocatorIcEEEEE
I0729 19:08:20.156687 1960222720 c_interface.cc:332] Pass InitializeModelArgs: model_name=pwt, dictionary_name=dictionary, topic_name_size=30 to MN4artm4core15MasterComponentEFvRKNS_19InitializeModelArgsEE
I0729 19:08:20.156694 1960222720 master_component.cc:338] InitializeModel() with 30 topics and 26866 tokens
I0729 19:08:20.274394 1960222720 c_interface.cc:332] Pass InitializeModelArgs: model_name=nwt, dictionary_name=dictionary, topic_name_size=30 to MN4artm4core15MasterComponentEFvRKNS_19InitializeModelArgsEE
I0729 19:08:20.274407 1960222720 master_component.cc:338] InitializeModel() with 30 topics and 26866 tokens
I0729 19:08:20.394783 1960222720 phi_matrix_operations.cc:82] RetrieveExternalTopicModel() with 30 topics, 26866 tokens
I0729 19:08:20.419250 1960222720 c_interface.cc:180] ArtmCopyRequestedMessage is copying 825334 bytes...
I0729 19:10:22.000087 1960222720 c_interface.cc:332] Pass MasterModelConfig: topic_name_size=30, score_config_size=1, num_processors=0, pwt_name=pwt, nwt_name=nwt, num_document_passes=10, reuse_theta=no, cache_theta=no, opt_for_avx=yes, disk_cache_path to MN4artm4core15MasterComponentEFvRKNS_17MasterModelConfigEE
I0729 19:10:22.000144 1960222720 instance.cc:358] MasterModelConfig.processors_count is automatically set to 8
I0729 19:10:22.000753 1960222720 c_interface.cc:332] Pass MasterModelConfig: topic_name_size=30, score_config_size=2, num_processors=0, pwt_name=pwt, nwt_name=nwt, num_document_passes=10, reuse_theta=no, cache_theta=no, opt_for_avx=yes, disk_cache_path to MN4artm4core15MasterComponentEFvRKNS_17MasterModelConfigEE
I0729 19:10:22.000778 1960222720 instance.cc:358] MasterModelConfig.processors_count is automatically set to 8
I0729 19:14:44.950973 1960222720 c_interface.cc:332] Pass MasterModelConfig: topic_name_size=30, score_config_size=2, num_processors=0, pwt_name=pwt, nwt_name=nwt, num_document_passes=10, regularizer=(SparsePhi:100000), reuse_theta=no, cache_theta=no, opt_for_avx=yes, disk_cache_path to MN4artm4core15MasterComponentEFvRKNS_17MasterModelConfigEE
I0729 19:14:44.951020 1960222720 instance.cc:358] MasterModelConfig.processors_count is automatically set to 8
I0729 19:14:44.951048 1960222720 instance.cc:213] Regularizer 'SparsePhi' was cold-reconfigured
I0729 19:16:21.599153 1960222720 c_interface.cc:332] Pass FitOfflineMasterModelArgs, batch_filename_size=18, batch_weight_size=18, num_collection_passes=1 to MN4artm4core15MasterComponentEFvRKNS_25FitOfflineMasterModelArgsEE
I0729 19:16:21.599191 1960222720 master_component.cc:942] ProcessBatchesArgs: nwt_target_name=nwt, batch_filename_size=18, batch_size=0, batch_weight_size=18, pwt_source_name=pwt, num_document_passes=10, regularizer=(name:SparsePhi, tau:100000), reuse_theta=no, opt_for_avx=yes, predict_class_id=
I0729 19:16:21.633740 30846976 processor.cc:669] Processing queue has data, processing started
I0729 19:16:21.636152 30846976 processor.cc:746] Processor: start processing batch 6bf1079d-875a-4bfe-a016-5bdc74385643 into model nwt
I0729 19:16:21.638792 28700672 processor.cc:669] Processing queue has data, processing started
I0729 19:16:21.642455 28700672 processor.cc:746] Processor: start processing batch cc90b588-ea0d-4e34-b5be-eae415876aae into model nwt
I0729 19:16:21.644601 31383552 processor.cc:669] Processing queue has data, processing started
I0729 19:16:21.645256 30846976 processor.cc:842] Processor: complete processing batch 6bf1079d-875a-4bfe-a016-5bdc74385643 into model nwt
I0729 19:16:21.646368 30846976 cuckoo_watch.h:44] 12ms in ProcessBatch(/Users/akupriyanov/Desktop/MachineLearning/ML-MIPT-Yandex-spec/unsupervised_learning/Homeworks/HW_4week_2nd_task(optional)/lectures_batches/aaaaaa.batch) [including 1ms in LoadMessage; 0ms in InitializeSparseNdw; 9ms in InferThetaAndUpdateNwtSparse; ]
I0729 19:16:21.647972 31383552 processor.cc:746] Processor: start processing batch bdd251a4-25e2-4e88-afc0-f41d33d2234f into model nwt
I0729 19:16:21.655443 30846976 processor.cc:746] Processor: start processing batch 6f47a068-8ea8-461d-97b3-2501eed7b972 into model nwt
I0729 19:16:21.659293 29237248 processor.cc:669] Processing queue has data, processing started
I0729 19:16:21.662045 28700672 processor.cc:842] Processor: complete processing batch cc90b588-ea0d-4e34-b5be-eae415876aae into model nwt
I0729 19:16:21.663482 28700672 cuckoo_watch.h:44] 24ms in ProcessBatch(/Users/akupriyanov/Desktop/MachineLearning/ML-MIPT-Yandex-spec/unsupervised_learning/Homeworks/HW_4week_2nd_task(optional)/lectures_batches/aaaaab.batch) [including 1ms in LoadMessage; 0ms in InitializeSparseNdw; 19ms in InferThetaAndUpdateNwtSparse; ]
I0729 19:16:21.663815 29237248 processor.cc:746] Processor: start processing batch 6e7ae07c-0e2c-48b4-9b0d-05f2f1c249ee into model nwt
I0729 19:16:21.666159 28164096 processor.cc:669] Processing queue has data, processing started
I0729 19:16:21.669199 28164096 processor.cc:746] Processor: start processing batch c666a175-8f91-47bf-afaa-3c4df45b705e into model nwt
I0729 19:16:21.669603 31383552 processor.cc:842] Processor: complete processing batch bdd251a4-25e2-4e88-afc0-f41d33d2234f into model nwt
I0729 19:16:21.670363 31383552 cuckoo_watch.h:44] 25ms in ProcessBatch(/Users/akupriyanov/Desktop/MachineLearning/ML-MIPT-Yandex-spec/unsupervised_learning/Homeworks/HW_4week_2nd_task(optional)/lectures_batches/aaaaac.batch) [including 2ms in LoadMessage; 0ms in InitializeSparseNdw; 21ms in InferThetaAndUpdateNwtSparse; ]
I0729 19:16:21.675223 30846976 processor.cc:842] Processor: complete processing batch 6f47a068-8ea8-461d-97b3-2501eed7b972 into model nwt
I0729 19:16:21.676146 30846976 cuckoo_watch.h:44] 24ms in ProcessBatch(/Users/akupriyanov/Desktop/MachineLearning/ML-MIPT-Yandex-spec/unsupervised_learning/Homeworks/HW_4week_2nd_task(optional)/lectures_batches/aaaaad.batch) [including 2ms in LoadMessage; 0ms in InitializeSparseNdw; 19ms in InferThetaAndUpdateNwtSparse; ]
I0729 19:16:21.679205 28700672 processor.cc:746] Processor: start processing batch 16636f05-4759-4329-86bc-e7d46379c315 into model nwt
I0729 19:16:21.680224 29237248 processor.cc:842] Processor: complete processing batch 6e7ae07c-0e2c-48b4-9b0d-05f2f1c249ee into model nwt
I0729 19:16:21.680428 29773824 processor.cc:669] Processing queue has data, processing started
I0729 19:16:21.681150 29237248 cuckoo_watch.h:44] 21ms in ProcessBatch(/Users/akupriyanov/Desktop/MachineLearning/ML-MIPT-Yandex-spec/unsupervised_learning/Homeworks/HW_4week_2nd_task(optional)/lectures_batches/aaaaae.batch) [including 3ms in LoadMessage; 0ms in InitializeSparseNdw; 16ms in InferThetaAndUpdateNwtSparse; ]
I0729 19:16:21.683897 29773824 processor.cc:746] Processor: start processing batch b32dd376-3441-495d-a78b-613a25fc65ca into model nwt
I0729 19:16:21.687297 28164096 processor.cc:842] Processor: complete processing batch c666a175-8f91-47bf-afaa-3c4df45b705e into model nwt
I0729 19:16:21.688760 28164096 cuckoo_watch.h:44] 22ms in ProcessBatch(/Users/akupriyanov/Desktop/MachineLearning/ML-MIPT-Yandex-spec/unsupervised_learning/Homeworks/HW_4week_2nd_task(optional)/lectures_batches/aaaaaf.batch) [including 1ms in LoadMessage; 0ms in InitializeSparseNdw; 17ms in InferThetaAndUpdateNwtSparse; ]
I0729 19:16:21.688890 31383552 processor.cc:746] Processor: start processing batch 9e11e51a-c052-4a62-90f4-3c457da756d7 into model nwt
I0729 19:16:21.695741 31920128 processor.cc:669] Processing queue has data, processing started
I0729 19:16:21.696369 28164096 processor.cc:746] Processor: start processing batch 7f35e07d-24c0-4760-97ef-f3a406ad72ee into model nwt
I0729 19:16:21.703394 30310400 processor.cc:669] Processing queue has data, processing started
I0729 19:16:21.705956 31920128 processor.cc:746] Processor: start processing batch 734f6810-5b1d-49de-9974-33599e0720ce into model nwt
I0729 19:16:21.708493 29773824 processor.cc:842] Processor: complete processing batch b32dd376-3441-495d-a78b-613a25fc65ca into model nwt
I0729 19:16:21.710386 28700672 processor.cc:842] Processor: complete processing batch 16636f05-4759-4329-86bc-e7d46379c315 into model nwt
I0729 19:16:21.711186 29773824 cuckoo_watch.h:44] 30ms in ProcessBatch(/Users/akupriyanov/Desktop/MachineLearning/ML-MIPT-Yandex-spec/unsupervised_learning/Homeworks/HW_4week_2nd_task(optional)/lectures_batches/aaaaah.batch) [including 2ms in LoadMessage; 0ms in InitializeSparseNdw; 24ms in InferThetaAndUpdateNwtSparse; ]
I0729 19:16:21.712594 28700672 cuckoo_watch.h:44] 37ms in ProcessBatch(/Users/akupriyanov/Desktop/MachineLearning/ML-MIPT-Yandex-spec/unsupervised_learning/Homeworks/HW_4week_2nd_task(optional)/lectures_batches/aaaaag.batch) [including 3ms in LoadMessage; 0ms in InitializeSparseNdw; 30ms in InferThetaAndUpdateNwtSparse; ]
I0729 19:16:21.713243 31383552 processor.cc:842] Processor: complete processing batch 9e11e51a-c052-4a62-90f4-3c457da756d7 into model nwt
I0729 19:16:21.714275 31383552 cuckoo_watch.h:44] 29ms in ProcessBatch(/Users/akupriyanov/Desktop/MachineLearning/ML-MIPT-Yandex-spec/unsupervised_learning/Homeworks/HW_4week_2nd_task(optional)/lectures_batches/aaaaai.batch) [including 2ms in LoadMessage; 0ms in InitializeSparseNdw; 24ms in InferThetaAndUpdateNwtSparse; ]
I0729 19:16:21.715476 30310400 processor.cc:746] Processor: start processing batch 901276a2-e57e-449e-8f44-a5e95b3be248 into model nwt
I0729 19:16:21.717000 30846976 processor.cc:746] Processor: start processing batch 38a17f53-264b-4a29-9e8e-180c03830a10 into model nwt
I0729 19:16:21.717783 29237248 processor.cc:662] No data in processing queue, waiting...
I0729 19:16:21.719058 29237248 processor.cc:669] Processing queue has data, processing started
I0729 19:16:21.728463 29237248 processor.cc:746] Processor: start processing batch b52a5d23-8d67-49a2-b5c0-02a33c215e6b into model nwt
I0729 19:16:21.730515 29773824 processor.cc:746] Processor: start processing batch bf8670ca-688f-489e-a3b1-ef4f38eabf13 into model nwt
I0729 19:16:21.740938 28700672 processor.cc:746] Processor: start processing batch 99897f32-b2c9-41cf-b1f9-03c37b09f4be into model nwt
I0729 19:16:21.748697 31383552 processor.cc:746] Processor: start processing batch 81b637b1-4b75-4287-bfa6-70bc92b53621 into model nwt
I0729 19:16:21.756398 28164096 processor.cc:842] Processor: complete processing batch 7f35e07d-24c0-4760-97ef-f3a406ad72ee into model nwt
I0729 19:16:21.758944 28164096 cuckoo_watch.h:44] 68ms in ProcessBatch(/Users/akupriyanov/Desktop/MachineLearning/ML-MIPT-Yandex-spec/unsupervised_learning/Homeworks/HW_4week_2nd_task(optional)/lectures_batches/aaaaaj.batch) [including 5ms in LoadMessage; 0ms in InitializeSparseNdw; 59ms in InferThetaAndUpdateNwtSparse; ]
I0729 19:16:21.762851 28164096 processor.cc:746] Processor: start processing batch 90937e31-4d28-47ab-ab77-29a35f92a052 into model nwt
I0729 19:16:21.763890 31383552 processor.cc:842] Processor: complete processing batch 81b637b1-4b75-4287-bfa6-70bc92b53621 into model nwt
I0729 19:16:21.765059 31383552 cuckoo_watch.h:44] 20ms in ProcessBatch(/Users/akupriyanov/Desktop/MachineLearning/ML-MIPT-Yandex-spec/unsupervised_learning/Homeworks/HW_4week_2nd_task(optional)/lectures_batches/aaaaaq.batch) [including 2ms in LoadMessage; 0ms in InitializeSparseNdw; 14ms in InferThetaAndUpdateNwtSparse; ]
I0729 19:16:21.765741 28164096 processor.cc:842] Processor: complete processing batch 90937e31-4d28-47ab-ab77-29a35f92a052 into model nwt
I0729 19:16:21.766086 28164096 cuckoo_watch.h:44] 7ms in ProcessBatch(/Users/akupriyanov/Desktop/MachineLearning/ML-MIPT-Yandex-spec/unsupervised_learning/Homeworks/HW_4week_2nd_task(optional)/lectures_batches/aaaaar.batch) [including 1ms in LoadMessage; 0ms in InitializeSparseNdw; 2ms in InferThetaAndUpdateNwtSparse; ]
I0729 19:16:21.799511 29773824 processor.cc:842] Processor: complete processing batch bf8670ca-688f-489e-a3b1-ef4f38eabf13 into model nwt
I0729 19:16:21.802156 31920128 processor.cc:842] Processor: complete processing batch 734f6810-5b1d-49de-9974-33599e0720ce into model nwt
I0729 19:16:21.802949 29773824 cuckoo_watch.h:44] 77ms in ProcessBatch(/Users/akupriyanov/Desktop/MachineLearning/ML-MIPT-Yandex-spec/unsupervised_learning/Homeworks/HW_4week_2nd_task(optional)/lectures_batches/aaaaao.batch) [including 4ms in LoadMessage; 0ms in InitializeSparseNdw; 68ms in InferThetaAndUpdateNwtSparse; ]
I0729 19:16:21.803377 30310400 processor.cc:842] Processor: complete processing batch 901276a2-e57e-449e-8f44-a5e95b3be248 into model nwt
I0729 19:16:21.804466 31920128 cuckoo_watch.h:44] 108ms in ProcessBatch(/Users/akupriyanov/Desktop/MachineLearning/ML-MIPT-Yandex-spec/unsupervised_learning/Homeworks/HW_4week_2nd_task(optional)/lectures_batches/aaaaak.batch) [including 8ms in LoadMessage; 0ms in InitializeSparseNdw; 95ms in InferThetaAndUpdateNwtSparse; ]
I0729 19:16:21.805364 31383552 processor.cc:662] No data in processing queue, waiting...
I0729 19:16:21.806241 30310400 cuckoo_watch.h:44] 102ms in ProcessBatch(/Users/akupriyanov/Desktop/MachineLearning/ML-MIPT-Yandex-spec/unsupervised_learning/Homeworks/HW_4week_2nd_task(optional)/lectures_batches/aaaaal.batch) [including 10ms in LoadMessage; 0ms in InitializeSparseNdw; 87ms in InferThetaAndUpdateNwtSparse; ]
I0729 19:16:21.807984 28700672 processor.cc:842] Processor: complete processing batch 99897f32-b2c9-41cf-b1f9-03c37b09f4be into model nwt
I0729 19:16:21.809346 28700672 cuckoo_watch.h:44] 76ms in ProcessBatch(/Users/akupriyanov/Desktop/MachineLearning/ML-MIPT-Yandex-spec/unsupervised_learning/Homeworks/HW_4week_2nd_task(optional)/lectures_batches/aaaaap.batch) [including 6ms in LoadMessage; 0ms in InitializeSparseNdw; 66ms in InferThetaAndUpdateNwtSparse; ]
I0729 19:16:21.810449 28164096 processor.cc:662] No data in processing queue, waiting...
I0729 19:16:21.811599 29237248 processor.cc:842] Processor: complete processing batch b52a5d23-8d67-49a2-b5c0-02a33c215e6b into model nwt
I0729 19:16:21.812963 30846976 processor.cc:842] Processor: complete processing batch 38a17f53-264b-4a29-9e8e-180c03830a10 into model nwt
I0729 19:16:21.813807 29237248 cuckoo_watch.h:44] 94ms in ProcessBatch(/Users/akupriyanov/Desktop/MachineLearning/ML-MIPT-Yandex-spec/unsupervised_learning/Homeworks/HW_4week_2nd_task(optional)/lectures_batches/aaaaan.batch) [including 7ms in LoadMessage; 3ms in InitializeSparseNdw; 79ms in InferThetaAndUpdateNwtSparse; ]
I0729 19:16:21.815204 30846976 cuckoo_watch.h:44] 109ms in ProcessBatch(/Users/akupriyanov/Desktop/MachineLearning/ML-MIPT-Yandex-spec/unsupervised_learning/Homeworks/HW_4week_2nd_task(optional)/lectures_batches/aaaaam.batch) [including 9ms in LoadMessage; 1ms in InitializeSparseNdw; 94ms in InferThetaAndUpdateNwtSparse; ]
I0729 19:16:21.815686 1960222720 master_component.cc:980] RegularizeModelArgs: rwt_target_name=rwt, pwt_source_name=pwt, nwt_source_name=nwt
I0729 19:16:21.815814 1960222720 master_component.cc:590] MasterComponent: start regularizing model pwt
I0729 19:16:21.827198 29773824 processor.cc:662] No data in processing queue, waiting...
I0729 19:16:21.828486 31920128 processor.cc:662] No data in processing queue, waiting...
I0729 19:16:21.830163 30310400 processor.cc:662] No data in processing queue, waiting...
I0729 19:16:21.833205 28700672 processor.cc:662] No data in processing queue, waiting...
I0729 19:16:21.837703 29237248 processor.cc:662] No data in processing queue, waiting...
I0729 19:16:21.838991 30846976 processor.cc:662] No data in processing queue, waiting...
I0729 19:16:21.877478 1960222720 master_component.cc:613] MasterComponent: complete regularizing model pwt
I0729 19:16:21.877497 1960222720 master_component.cc:991] NormalizeModelArgs: pwt_target_name=pwt, nwt_source_name=nwt, rwt_source_name=rwt
I0729 19:16:21.877504 1960222720 master_component.cc:617] MasterComponent: start normalizing model nwt
I0729 19:16:21.917897 1960222720 master_component.cc:639] MasterComponent: complete normalizing model nwt
I0729 19:16:22.063976 1960222720 master_component.cc:1015] DisposeModel rwt
I0729 19:16:22.078786 1960222720 c_interface.cc:332] Pass FitOfflineMasterModelArgs, batch_filename_size=18, batch_weight_size=18, num_collection_passes=1 to MN4artm4core15MasterComponentEFvRKNS_25FitOfflineMasterModelArgsEE
I0729 19:16:22.078814 1960222720 master_component.cc:942] ProcessBatchesArgs: nwt_target_name=nwt, batch_filename_size=18, batch_size=0, batch_weight_size=18, pwt_source_name=pwt, num_document_passes=10, regularizer=(name:SparsePhi, tau:100000), reuse_theta=no, opt_for_avx=yes, predict_class_id=
I0729 19:16:22.112884 31383552 processor.cc:669] Processing queue has data, processing started
I0729 19:16:22.115164 31383552 processor.cc:746] Processor: start processing batch 6bf1079d-875a-4bfe-a016-5bdc74385643 into model nwt
I0729 19:16:22.118008 29773824 processor.cc:669] Processing queue has data, processing started
I0729 19:16:22.120892 29773824 processor.cc:746] Processor: start processing batch cc90b588-ea0d-4e34-b5be-eae415876aae into model nwt
I0729 19:16:22.123132 30310400 processor.cc:669] Processing queue has data, processing started
I0729 19:16:22.123733 31383552 processor.cc:842] Processor: complete processing batch 6bf1079d-875a-4bfe-a016-5bdc74385643 into model nwt
I0729 19:16:22.124205 31383552 cuckoo_watch.h:44] 11ms in ProcessBatch(/Users/akupriyanov/Desktop/MachineLearning/ML-MIPT-Yandex-spec/unsupervised_learning/Homeworks/HW_4week_2nd_task(optional)/lectures_batches/aaaaaa.batch) [including 1ms in LoadMessage; 0ms in InitializeSparseNdw; 8ms in InferThetaAndUpdateNwtSparse; ]
I0729 19:16:22.126269 30310400 processor.cc:746] Processor: start processing batch bdd251a4-25e2-4e88-afc0-f41d33d2234f into model nwt
I0729 19:16:22.129822 31383552 processor.cc:746] Processor: start processing batch 6f47a068-8ea8-461d-97b3-2501eed7b972 into model nwt
I0729 19:16:22.133134 28164096 processor.cc:669] Processing queue has data, processing started
I0729 19:16:22.136201 28164096 processor.cc:746] Processor: start processing batch 6e7ae07c-0e2c-48b4-9b0d-05f2f1c249ee into model nwt
I0729 19:16:22.137528 29773824 processor.cc:842] Processor: complete processing batch cc90b588-ea0d-4e34-b5be-eae415876aae into model nwt
I0729 19:16:22.138276 29773824 cuckoo_watch.h:44] 20ms in ProcessBatch(/Users/akupriyanov/Desktop/MachineLearning/ML-MIPT-Yandex-spec/unsupervised_learning/Homeworks/HW_4week_2nd_task(optional)/lectures_batches/aaaaab.batch) [including 1ms in LoadMessage; 0ms in InitializeSparseNdw; 16ms in InferThetaAndUpdateNwtSparse; ]
I0729 19:16:22.141432 29773824 processor.cc:746] Processor: start processing batch c666a175-8f91-47bf-afaa-3c4df45b705e into model nwt
I0729 19:16:22.146246 29237248 processor.cc:669] Processing queue has data, processing started
I0729 19:16:22.148417 31383552 processor.cc:842] Processor: complete processing batch 6f47a068-8ea8-461d-97b3-2501eed7b972 into model nwt
I0729 19:16:22.149220 31383552 cuckoo_watch.h:44] 22ms in ProcessBatch(/Users/akupriyanov/Desktop/MachineLearning/ML-MIPT-Yandex-spec/unsupervised_learning/Homeworks/HW_4week_2nd_task(optional)/lectures_batches/aaaaad.batch) [including 1ms in LoadMessage; 0ms in InitializeSparseNdw; 18ms in InferThetaAndUpdateNwtSparse; ]
I0729 19:16:22.152101 30310400 processor.cc:842] Processor: complete processing batch bdd251a4-25e2-4e88-afc0-f41d33d2234f into model nwt
I0729 19:16:22.152185 29237248 processor.cc:746] Processor: start processing batch 16636f05-4759-4329-86bc-e7d46379c315 into model nwt
I0729 19:16:22.152246 28164096 processor.cc:842] Processor: complete processing batch 6e7ae07c-0e2c-48b4-9b0d-05f2f1c249ee into model nwt
I0729 19:16:22.153175 28700672 processor.cc:669] Processing queue has data, processing started
I0729 19:16:22.154723 30310400 cuckoo_watch.h:44] 31ms in ProcessBatch(/Users/akupriyanov/Desktop/MachineLearning/ML-MIPT-Yandex-spec/unsupervised_learning/Homeworks/HW_4week_2nd_task(optional)/lectures_batches/aaaaac.batch) [including 1ms in LoadMessage; 0ms in InitializeSparseNdw; 25ms in InferThetaAndUpdateNwtSparse; ]
I0729 19:16:22.155565 28164096 cuckoo_watch.h:44] 22ms in ProcessBatch(/Users/akupriyanov/Desktop/MachineLearning/ML-MIPT-Yandex-spec/unsupervised_learning/Homeworks/HW_4week_2nd_task(optional)/lectures_batches/aaaaae.batch) [including 1ms in LoadMessage; 0ms in InitializeSparseNdw; 15ms in InferThetaAndUpdateNwtSparse; ]
I0729 19:16:22.157420 28700672 processor.cc:746] Processor: start processing batch b32dd376-3441-495d-a78b-613a25fc65ca into model nwt
I0729 19:16:22.160795 29773824 processor.cc:842] Processor: complete processing batch c666a175-8f91-47bf-afaa-3c4df45b705e into model nwt
I0729 19:16:22.161363 28164096 processor.cc:746] Processor: start processing batch 9e11e51a-c052-4a62-90f4-3c457da756d7 into model nwt
I0729 19:16:22.161775 29773824 cuckoo_watch.h:44] 23ms in ProcessBatch(/Users/akupriyanov/Desktop/MachineLearning/ML-MIPT-Yandex-spec/unsupervised_learning/Homeworks/HW_4week_2nd_task(optional)/lectures_batches/aaaaaf.batch) [including 1ms in LoadMessage; 0ms in InitializeSparseNdw; 19ms in InferThetaAndUpdateNwtSparse; ]
I0729 19:16:22.170518 29773824 processor.cc:746] Processor: start processing batch 7f35e07d-24c0-4760-97ef-f3a406ad72ee into model nwt
I0729 19:16:22.178478 28700672 processor.cc:842] Processor: complete processing batch b32dd376-3441-495d-a78b-613a25fc65ca into model nwt
I0729 19:16:22.179342 28700672 cuckoo_watch.h:44] 26ms in ProcessBatch(/Users/akupriyanov/Desktop/MachineLearning/ML-MIPT-Yandex-spec/unsupervised_learning/Homeworks/HW_4week_2nd_task(optional)/lectures_batches/aaaaah.batch) [including 3ms in LoadMessage; 0ms in InitializeSparseNdw; 20ms in InferThetaAndUpdateNwtSparse; ]
I0729 19:16:22.181871 31383552 processor.cc:746] Processor: start processing batch 734f6810-5b1d-49de-9974-33599e0720ce into model nwt
I0729 19:16:22.183821 28164096 processor.cc:842] Processor: complete processing batch 9e11e51a-c052-4a62-90f4-3c457da756d7 into model nwt
I0729 19:16:22.186485 28164096 cuckoo_watch.h:44] 28ms in ProcessBatch(/Users/akupriyanov/Desktop/MachineLearning/ML-MIPT-Yandex-spec/unsupervised_learning/Homeworks/HW_4week_2nd_task(optional)/lectures_batches/aaaaai.batch) [including 2ms in LoadMessage; 0ms in InitializeSparseNdw; 22ms in InferThetaAndUpdateNwtSparse; ]
I0729 19:16:22.190707 29237248 processor.cc:842] Processor: complete processing batch 16636f05-4759-4329-86bc-e7d46379c315 into model nwt
I0729 19:16:22.192019 30310400 processor.cc:746] Processor: start processing batch 901276a2-e57e-449e-8f44-a5e95b3be248 into model nwt
I0729 19:16:22.192806 29237248 cuckoo_watch.h:44] 46ms in ProcessBatch(/Users/akupriyanov/Desktop/MachineLearning/ML-MIPT-Yandex-spec/unsupervised_learning/Homeworks/HW_4week_2nd_task(optional)/lectures_batches/aaaaag.batch) [including 4ms in LoadMessage; 0ms in InitializeSparseNdw; 38ms in InferThetaAndUpdateNwtSparse; ]
I0729 19:16:22.198875 28700672 processor.cc:746] Processor: start processing batch 38a17f53-264b-4a29-9e8e-180c03830a10 into model nwt
I0729 19:16:22.207494 28164096 processor.cc:746] Processor: start processing batch b52a5d23-8d67-49a2-b5c0-02a33c215e6b into model nwt
I0729 19:16:22.215862 30846976 processor.cc:669] Processing queue has data, processing started
I0729 19:16:22.221900 31920128 processor.cc:669] Processing queue has data, processing started
I0729 19:16:22.224242 30846976 processor.cc:746] Processor: start processing batch bf8670ca-688f-489e-a3b1-ef4f38eabf13 into model nwt
I0729 19:16:22.228433 29773824 processor.cc:842] Processor: complete processing batch 7f35e07d-24c0-4760-97ef-f3a406ad72ee into model nwt
I0729 19:16:22.229965 31920128 processor.cc:746] Processor: start processing batch 99897f32-b2c9-41cf-b1f9-03c37b09f4be into model nwt
I0729 19:16:22.231097 29773824 cuckoo_watch.h:44] 65ms in ProcessBatch(/Users/akupriyanov/Desktop/MachineLearning/ML-MIPT-Yandex-spec/unsupervised_learning/Homeworks/HW_4week_2nd_task(optional)/lectures_batches/aaaaaj.batch) [including 3ms in LoadMessage; 0ms in InitializeSparseNdw; 57ms in InferThetaAndUpdateNwtSparse; ]
I0729 19:16:22.234743 29773824 processor.cc:746] Processor: start processing batch 81b637b1-4b75-4287-bfa6-70bc92b53621 into model nwt
I0729 19:16:22.239516 29237248 processor.cc:746] Processor: start processing batch 90937e31-4d28-47ab-ab77-29a35f92a052 into model nwt
I0729 19:16:22.241916 29237248 processor.cc:842] Processor: complete processing batch 90937e31-4d28-47ab-ab77-29a35f92a052 into model nwt
I0729 19:16:22.242259 29237248 cuckoo_watch.h:44] 4ms in ProcessBatch(/Users/akupriyanov/Desktop/MachineLearning/ML-MIPT-Yandex-spec/unsupervised_learning/Homeworks/HW_4week_2nd_task(optional)/lectures_batches/aaaaar.batch) [including 0ms in LoadMessage; 0ms in InitializeSparseNdw; 2ms in InferThetaAndUpdateNwtSparse; ]
I0729 19:16:22.248641 29773824 processor.cc:842] Processor: complete processing batch 81b637b1-4b75-4287-bfa6-70bc92b53621 into model nwt
I0729 19:16:22.249845 29773824 cuckoo_watch.h:44] 18ms in ProcessBatch(/Users/akupriyanov/Desktop/MachineLearning/ML-MIPT-Yandex-spec/unsupervised_learning/Homeworks/HW_4week_2nd_task(optional)/lectures_batches/aaaaaq.batch) [including 2ms in LoadMessage; 0ms in InitializeSparseNdw; 13ms in InferThetaAndUpdateNwtSparse; ]
I0729 19:16:22.265573 31383552 processor.cc:842] Processor: complete processing batch 734f6810-5b1d-49de-9974-33599e0720ce into model nwt
I0729 19:16:22.267519 31383552 cuckoo_watch.h:44] 93ms in ProcessBatch(/Users/akupriyanov/Desktop/MachineLearning/ML-MIPT-Yandex-spec/unsupervised_learning/Homeworks/HW_4week_2nd_task(optional)/lectures_batches/aaaaak.batch) [including 6ms in LoadMessage; 0ms in InitializeSparseNdw; 82ms in InferThetaAndUpdateNwtSparse; ]
I0729 19:16:22.278574 29237248 processor.cc:662] No data in processing queue, waiting...
I0729 19:16:22.281394 30310400 processor.cc:842] Processor: complete processing batch 901276a2-e57e-449e-8f44-a5e95b3be248 into model nwt
I0729 19:16:22.284747 30310400 cuckoo_watch.h:44] 100ms in ProcessBatch(/Users/akupriyanov/Desktop/MachineLearning/ML-MIPT-Yandex-spec/unsupervised_learning/Homeworks/HW_4week_2nd_task(optional)/lectures_batches/aaaaal.batch) [including 6ms in LoadMessage; 0ms in InitializeSparseNdw; 88ms in InferThetaAndUpdateNwtSparse; ]
I0729 19:16:22.284873 29773824 processor.cc:662] No data in processing queue, waiting...
I0729 19:16:22.288826 28164096 processor.cc:842] Processor: complete processing batch b52a5d23-8d67-49a2-b5c0-02a33c215e6b into model nwt
I0729 19:16:22.289046 31920128 processor.cc:842] Processor: complete processing batch 99897f32-b2c9-41cf-b1f9-03c37b09f4be into model nwt
I0729 19:16:22.289489 30846976 processor.cc:842] Processor: complete processing batch bf8670ca-688f-489e-a3b1-ef4f38eabf13 into model nwt
I0729 19:16:22.290524 31920128 cuckoo_watch.h:44] 68ms in ProcessBatch(/Users/akupriyanov/Desktop/MachineLearning/ML-MIPT-Yandex-spec/unsupervised_learning/Homeworks/HW_4week_2nd_task(optional)/lectures_batches/aaaaap.batch) [including 6ms in LoadMessage; 0ms in InitializeSparseNdw; 58ms in InferThetaAndUpdateNwtSparse; ]
I0729 19:16:22.291190 30846976 cuckoo_watch.h:44] 75ms in ProcessBatch(/Users/akupriyanov/Desktop/MachineLearning/ML-MIPT-Yandex-spec/unsupervised_learning/Homeworks/HW_4week_2nd_task(optional)/lectures_batches/aaaaao.batch) [including 6ms in LoadMessage; 1ms in InitializeSparseNdw; 64ms in InferThetaAndUpdateNwtSparse; ]
I0729 19:16:22.292448 28164096 cuckoo_watch.h:44] 94ms in ProcessBatch(/Users/akupriyanov/Desktop/MachineLearning/ML-MIPT-Yandex-spec/unsupervised_learning/Homeworks/HW_4week_2nd_task(optional)/lectures_batches/aaaaan.batch) [including 7ms in LoadMessage; 0ms in InitializeSparseNdw; 80ms in InferThetaAndUpdateNwtSparse; ]
I0729 19:16:22.294483 31383552 processor.cc:662] No data in processing queue, waiting...
I0729 19:16:22.296535 28700672 processor.cc:842] Processor: complete processing batch 38a17f53-264b-4a29-9e8e-180c03830a10 into model nwt
I0729 19:16:22.298408 28700672 cuckoo_watch.h:44] 107ms in ProcessBatch(/Users/akupriyanov/Desktop/MachineLearning/ML-MIPT-Yandex-spec/unsupervised_learning/Homeworks/HW_4week_2nd_task(optional)/lectures_batches/aaaaam.batch) [including 6ms in LoadMessage; 0ms in InitializeSparseNdw; 96ms in InferThetaAndUpdateNwtSparse; ]
I0729 19:16:22.298797 1960222720 master_component.cc:980] RegularizeModelArgs: rwt_target_name=rwt, pwt_source_name=pwt, nwt_source_name=nwt
I0729 19:16:22.298827 1960222720 master_component.cc:590] MasterComponent: start regularizing model pwt
I0729 19:16:22.308508 30310400 processor.cc:662] No data in processing queue, waiting...
I0729 19:16:22.314960 31920128 processor.cc:662] No data in processing queue, waiting...
I0729 19:16:22.315377 30846976 processor.cc:662] No data in processing queue, waiting...
I0729 19:16:22.316581 28164096 processor.cc:662] No data in processing queue, waiting...
I0729 19:16:22.322696 28700672 processor.cc:662] No data in processing queue, waiting...
I0729 19:16:22.362684 1960222720 master_component.cc:613] MasterComponent: complete regularizing model pwt
I0729 19:16:22.362704 1960222720 master_component.cc:991] NormalizeModelArgs: pwt_target_name=pwt, nwt_source_name=nwt, rwt_source_name=rwt
I0729 19:16:22.362711 1960222720 master_component.cc:617] MasterComponent: start normalizing model nwt
I0729 19:16:22.407625 1960222720 master_component.cc:639] MasterComponent: complete normalizing model nwt
I0729 19:16:22.575016 1960222720 master_component.cc:1015] DisposeModel rwt
I0729 19:16:22.591459 1960222720 c_interface.cc:332] Pass FitOfflineMasterModelArgs, batch_filename_size=18, batch_weight_size=18, num_collection_passes=1 to MN4artm4core15MasterComponentEFvRKNS_25FitOfflineMasterModelArgsEE
I0729 19:16:22.591480 1960222720 master_component.cc:942] ProcessBatchesArgs: nwt_target_name=nwt, batch_filename_size=18, batch_size=0, batch_weight_size=18, pwt_source_name=pwt, num_document_passes=10, regularizer=(name:SparsePhi, tau:100000), reuse_theta=no, opt_for_avx=yes, predict_class_id=
I0729 19:16:22.629659 30310400 processor.cc:669] Processing queue has data, processing started
I0729 19:16:22.632025 30310400 processor.cc:746] Processor: start processing batch 6bf1079d-875a-4bfe-a016-5bdc74385643 into model nwt
I0729 19:16:22.634770 29237248 processor.cc:669] Processing queue has data, processing started
I0729 19:16:22.637809 29237248 processor.cc:746] Processor: start processing batch cc90b588-ea0d-4e34-b5be-eae415876aae into model nwt
I0729 19:16:22.639658 28700672 processor.cc:669] Processing queue has data, processing started
I0729 19:16:22.640986 30310400 processor.cc:842] Processor: complete processing batch 6bf1079d-875a-4bfe-a016-5bdc74385643 into model nwt
I0729 19:16:22.641441 30310400 cuckoo_watch.h:44] 11ms in ProcessBatch(/Users/akupriyanov/Desktop/MachineLearning/ML-MIPT-Yandex-spec/unsupervised_learning/Homeworks/HW_4week_2nd_task(optional)/lectures_batches/aaaaaa.batch) [including 1ms in LoadMessage; 0ms in InitializeSparseNdw; 8ms in InferThetaAndUpdateNwtSparse; ]
I0729 19:16:22.642789 28700672 processor.cc:746] Processor: start processing batch bdd251a4-25e2-4e88-afc0-f41d33d2234f into model nwt
I0729 19:16:22.647063 30310400 processor.cc:746] Processor: start processing batch 6f47a068-8ea8-461d-97b3-2501eed7b972 into model nwt
I0729 19:16:22.649658 31920128 processor.cc:669] Processing queue has data, processing started
I0729 19:16:22.652514 31920128 processor.cc:746] Processor: start processing batch 6e7ae07c-0e2c-48b4-9b0d-05f2f1c249ee into model nwt
I0729 19:16:22.654433 31383552 processor.cc:669] Processing queue has data, processing started
I0729 19:16:22.655596 29237248 processor.cc:842] Processor: complete processing batch cc90b588-ea0d-4e34-b5be-eae415876aae into model nwt
I0729 19:16:22.657110 29237248 cuckoo_watch.h:44] 22ms in ProcessBatch(/Users/akupriyanov/Desktop/MachineLearning/ML-MIPT-Yandex-spec/unsupervised_learning/Homeworks/HW_4week_2nd_task(optional)/lectures_batches/aaaaab.batch) [including 1ms in LoadMessage; 0ms in InitializeSparseNdw; 17ms in InferThetaAndUpdateNwtSparse; ]
I0729 19:16:22.657711 31383552 processor.cc:746] Processor: start processing batch c666a175-8f91-47bf-afaa-3c4df45b705e into model nwt
I0729 19:16:22.662125 29773824 processor.cc:669] Processing queue has data, processing started
I0729 19:16:22.666218 29773824 processor.cc:746] Processor: start processing batch 16636f05-4759-4329-86bc-e7d46379c315 into model nwt
I0729 19:16:22.666918 30310400 processor.cc:842] Processor: complete processing batch 6f47a068-8ea8-461d-97b3-2501eed7b972 into model nwt
I0729 19:16:22.666942 28700672 processor.cc:842] Processor: complete processing batch bdd251a4-25e2-4e88-afc0-f41d33d2234f into model nwt
I0729 19:16:22.667747 28700672 cuckoo_watch.h:44] 28ms in ProcessBatch(/Users/akupriyanov/Desktop/MachineLearning/ML-MIPT-Yandex-spec/unsupervised_learning/Homeworks/HW_4week_2nd_task(optional)/lectures_batches/aaaaac.batch) [including 1ms in LoadMessage; 0ms in InitializeSparseNdw; 24ms in InferThetaAndUpdateNwtSparse; ]
